// Jest Snapshot v1, https://goo.gl/fbAQLP

exports[`Screen Rendering should match to snapshot 1`] = `
<View
  style={
    Array [
      Object {
        "flex": 1,
      },
      false,
    ]
  }
>
  <View
    style={
      Object {
        "backgroundColor": "transparent",
        "height": 20,
      }
    }
  />
  <View
    style={
      Object {
        "alignItems": "flex-end",
        "backgroundColor": "#fff",
        "flex": 1,
        "justifyContent": "flex-end",
        "padding": 15,
      }
    }
  >
    <Text
      style={
        Object {
          "color": "#000",
          "fontFamily": "System",
          "fontSize": 60,
        }
      }
    >
      0
    </Text>
  </View>
  <View
    style={
      Object {
        "flex": 1,
        "flexDirection": "row",
      }
    }
  >
    <View
      style={
        Object {
          "flex": 3,
        }
      }
    >
      <View
        style={
          Object {
            "flex": 1,
            "flexDirection": "row",
          }
        }
      >
        <View
          accessible={true}
          isTVSelectable={true}
          onResponderGrant={[Function]}
          onResponderMove={[Function]}
          onResponderRelease={[Function]}
          onResponderTerminate={[Function]}
          onResponderTerminationRequest={[Function]}
          onStartShouldSetResponder={[Function]}
          style={
            Array [
              Object {
                "borderRadius": 5,
                "flex": 1,
                "marginBottom": 10,
                "marginLeft": 10,
              },
              undefined,
            ]
          }
        >
          <View
            style={
              Array [
                Object {
                  "alignItems": "center",
                  "backgroundColor": "#ddd",
                  "flex": 1,
                  "justifyContent": "center",
                },
                Object {
                  "borderRadius": 5,
                },
              ]
            }
          >
            <Text
              style={
                Object {
                  "color": "#000",
                  "fontFamily": "System",
                  "fontSize": 26,
                }
              }
            >
              7
            </Text>
          </View>
        </View>
        <View
          accessible={true}
          isTVSelectable={true}
          onResponderGrant={[Function]}
          onResponderMove={[Function]}
          onResponderRelease={[Function]}
          onResponderTerminate={[Function]}
          onResponderTerminationRequest={[Function]}
          onStartShouldSetResponder={[Function]}
          style={
            Array [
              Object {
                "borderRadius": 5,
                "flex": 1,
                "marginBottom": 10,
                "marginLeft": 10,
              },
              undefined,
            ]
          }
        >
          <View
            style={
              Array [
                Object {
                  "alignItems": "center",
                  "backgroundColor": "#ddd",
                  "flex": 1,
                  "justifyContent": "center",
                },
                Object {
                  "borderRadius": 5,
                },
              ]
            }
          >
            <Text
              style={
                Object {
                  "color": "#000",
                  "fontFamily": "System",
                  "fontSize": 26,
                }
              }
            >
              8
            </Text>
          </View>
        </View>
        <View
          accessible={true}
          isTVSelectable={true}
          onResponderGrant={[Function]}
          onResponderMove={[Function]}
          onResponderRelease={[Function]}
          onResponderTerminate={[Function]}
          onResponderTerminationRequest={[Function]}
          onStartShouldSetResponder={[Function]}
          style={
            Array [
              Object {
                "borderRadius": 5,
                "flex": 1,
                "marginBottom": 10,
                "marginLeft": 10,
              },
              undefined,
            ]
          }
        >
          <View
            style={
              Array [
                Object {
                  "alignItems": "center",
                  "backgroundColor": "#ddd",
                  "flex": 1,
                  "justifyContent": "center",
                },
                Object {
                  "borderRadius": 5,
                },
              ]
            }
          >
            <Text
              style={
                Object {
                  "color": "#000",
                  "fontFamily": "System",
                  "fontSize": 26,
                }
              }
            >
              9
            </Text>
          </View>
        </View>
      </View>
      <View
        style={
          Object {
            "flex": 1,
            "flexDirection": "row",
          }
        }
      >
        <View
          accessible={true}
          isTVSelectable={true}
          onResponderGrant={[Function]}
          onResponderMove={[Function]}
          onResponderRelease={[Function]}
          onResponderTerminate={[Function]}
          onResponderTerminationRequest={[Function]}
          onStartShouldSetResponder={[Function]}
          style={
            Array [
              Object {
                "borderRadius": 5,
                "flex": 1,
                "marginBottom": 10,
                "marginLeft": 10,
              },
              undefined,
            ]
          }
        >
          <View
            style={
              Array [
                Object {
                  "alignItems": "center",
                  "backgroundColor": "#ddd",
                  "flex": 1,
                  "justifyContent": "center",
                },
                Object {
                  "borderRadius": 5,
                },
              ]
            }
          >
            <Text
              style={
                Object {
                  "color": "#000",
                  "fontFamily": "System",
                  "fontSize": 26,
                }
              }
            >
              4
            </Text>
          </View>
        </View>
        <View
          accessible={true}
          isTVSelectable={true}
          onResponderGrant={[Function]}
          onResponderMove={[Function]}
          onResponderRelease={[Function]}
          onResponderTerminate={[Function]}
          onResponderTerminationRequest={[Function]}
          onStartShouldSetResponder={[Function]}
          style={
            Array [
              Object {
                "borderRadius": 5,
                "flex": 1,
                "marginBottom": 10,
                "marginLeft": 10,
              },
              undefined,
            ]
          }
        >
          <View
            style={
              Array [
                Object {
                  "alignItems": "center",
                  "backgroundColor": "#ddd",
                  "flex": 1,
                  "justifyContent": "center",
                },
                Object {
                  "borderRadius": 5,
                },
              ]
            }
          >
            <Text
              style={
                Object {
                  "color": "#000",
                  "fontFamily": "System",
                  "fontSize": 26,
                }
              }
            >
              5
            </Text>
          </View>
        </View>
        <View
          accessible={true}
          isTVSelectable={true}
          onResponderGrant={[Function]}
          onResponderMove={[Function]}
          onResponderRelease={[Function]}
          onResponderTerminate={[Function]}
          onResponderTerminationRequest={[Function]}
          onStartShouldSetResponder={[Function]}
          style={
            Array [
              Object {
                "borderRadius": 5,
                "flex": 1,
                "marginBottom": 10,
                "marginLeft": 10,
              },
              undefined,
            ]
          }
        >
          <View
            style={
              Array [
                Object {
                  "alignItems": "center",
                  "backgroundColor": "#ddd",
                  "flex": 1,
                  "justifyContent": "center",
                },
                Object {
                  "borderRadius": 5,
                },
              ]
            }
          >
            <Text
              style={
                Object {
                  "color": "#000",
                  "fontFamily": "System",
                  "fontSize": 26,
                }
              }
            >
              6
            </Text>
          </View>
        </View>
      </View>
      <View
        style={
          Object {
            "flex": 1,
            "flexDirection": "row",
          }
        }
      >
        <View
          accessible={true}
          isTVSelectable={true}
          onResponderGrant={[Function]}
          onResponderMove={[Function]}
          onResponderRelease={[Function]}
          onResponderTerminate={[Function]}
          onResponderTerminationRequest={[Function]}
          onStartShouldSetResponder={[Function]}
          style={
            Array [
              Object {
                "borderRadius": 5,
                "flex": 1,
                "marginBottom": 10,
                "marginLeft": 10,
              },
              undefined,
            ]
          }
        >
          <View
            style={
              Array [
                Object {
                  "alignItems": "center",
                  "backgroundColor": "#ddd",
                  "flex": 1,
                  "justifyContent": "center",
                },
                Object {
                  "borderRadius": 5,
                },
              ]
            }
          >
            <Text
              style={
                Object {
                  "color": "#000",
                  "fontFamily": "System",
                  "fontSize": 26,
                }
              }
            >
              1
            </Text>
          </View>
        </View>
        <View
          accessible={true}
          isTVSelectable={true}
          onResponderGrant={[Function]}
          onResponderMove={[Function]}
          onResponderRelease={[Function]}
          onResponderTerminate={[Function]}
          onResponderTerminationRequest={[Function]}
          onStartShouldSetResponder={[Function]}
          style={
            Array [
              Object {
                "borderRadius": 5,
                "flex": 1,
                "marginBottom": 10,
                "marginLeft": 10,
              },
              undefined,
            ]
          }
        >
          <View
            style={
              Array [
                Object {
                  "alignItems": "center",
                  "backgroundColor": "#ddd",
                  "flex": 1,
                  "justifyContent": "center",
                },
                Object {
                  "borderRadius": 5,
                },
              ]
            }
          >
            <Text
              style={
                Object {
                  "color": "#000",
                  "fontFamily": "System",
                  "fontSize": 26,
                }
              }
            >
              2
            </Text>
          </View>
        </View>
        <View
          accessible={true}
          isTVSelectable={true}
          onResponderGrant={[Function]}
          onResponderMove={[Function]}
          onResponderRelease={[Function]}
          onResponderTerminate={[Function]}
          onResponderTerminationRequest={[Function]}
          onStartShouldSetResponder={[Function]}
          style={
            Array [
              Object {
                "borderRadius": 5,
                "flex": 1,
                "marginBottom": 10,
                "marginLeft": 10,
              },
              undefined,
            ]
          }
        >
          <View
            style={
              Array [
                Object {
                  "alignItems": "center",
                  "backgroundColor": "#ddd",
                  "flex": 1,
                  "justifyContent": "center",
                },
                Object {
                  "borderRadius": 5,
                },
              ]
            }
          >
            <Text
              style={
                Object {
                  "color": "#000",
                  "fontFamily": "System",
                  "fontSize": 26,
                }
              }
            >
              3
            </Text>
          </View>
        </View>
      </View>
      <View
        style={
          Object {
            "flex": 1,
            "flexDirection": "row",
          }
        }
      >
        <View
          accessible={true}
          isTVSelectable={true}
          onResponderGrant={[Function]}
          onResponderMove={[Function]}
          onResponderRelease={[Function]}
          onResponderTerminate={[Function]}
          onResponderTerminationRequest={[Function]}
          onStartShouldSetResponder={[Function]}
          style={
            Array [
              Object {
                "borderRadius": 5,
                "flex": 1,
                "marginBottom": 10,
                "marginLeft": 10,
              },
              undefined,
            ]
          }
        >
          <View
            style={
              Array [
                Object {
                  "alignItems": "center",
                  "backgroundColor": "#ddd",
                  "flex": 1,
                  "justifyContent": "center",
                },
                Object {
                  "borderRadius": 5,
                },
              ]
            }
          >
            <Text
              style={
                Object {
                  "color": "#000",
                  "fontFamily": "System",
                  "fontSize": 26,
                }
              }
            >
              C
            </Text>
          </View>
        </View>
        <View
          accessible={true}
          isTVSelectable={true}
          onResponderGrant={[Function]}
          onResponderMove={[Function]}
          onResponderRelease={[Function]}
          onResponderTerminate={[Function]}
          onResponderTerminationRequest={[Function]}
          onStartShouldSetResponder={[Function]}
          style={
            Array [
              Object {
                "borderRadius": 5,
                "flex": 1,
                "marginBottom": 10,
                "marginLeft": 10,
              },
              undefined,
            ]
          }
        >
          <View
            style={
              Array [
                Object {
                  "alignItems": "center",
                  "backgroundColor": "#ddd",
                  "flex": 1,
                  "justifyContent": "center",
                },
                Object {
                  "borderRadius": 5,
                },
              ]
            }
          >
            <Text
              style={
                Object {
                  "color": "#000",
                  "fontFamily": "System",
                  "fontSize": 26,
                }
              }
            >
              0
            </Text>
          </View>
        </View>
        <View
          accessible={true}
          isTVSelectable={true}
          onResponderGrant={[Function]}
          onResponderMove={[Function]}
          onResponderRelease={[Function]}
          onResponderTerminate={[Function]}
          onResponderTerminationRequest={[Function]}
          onStartShouldSetResponder={[Function]}
          style={
            Array [
              Object {
                "borderRadius": 5,
                "flex": 1,
                "marginBottom": 10,
                "marginLeft": 10,
              },
              undefined,
            ]
          }
        >
          <View
            style={
              Array [
                Object {
                  "alignItems": "center",
                  "backgroundColor": "#ddd",
                  "flex": 1,
                  "justifyContent": "center",
                },
                Object {
                  "borderRadius": 5,
                },
              ]
            }
          >
            <Text
              style={
                Object {
                  "color": "#000",
                  "fontFamily": "System",
                  "fontSize": 26,
                }
              }
            >
              .
            </Text>
          </View>
        </View>
      </View>
    </View>
    <View
      style={
        Object {
          "flex": 1,
        }
      }
    >
      <View
        accessible={true}
        isTVSelectable={true}
        onResponderGrant={[Function]}
        onResponderMove={[Function]}
        onResponderRelease={[Function]}
        onResponderTerminate={[Function]}
        onResponderTerminationRequest={[Function]}
        onStartShouldSetResponder={[Function]}
        style={
          Array [
            Object {
              "borderRadius": 5,
              "flex": 1,
              "marginBottom": 10,
              "marginLeft": 10,
            },
            Object {
              "marginRight": 10,
            },
          ]
        }
      >
        <View
          style={
            Array [
              Object {
                "alignItems": "center",
                "backgroundColor": "#ddd",
                "flex": 1,
                "justifyContent": "center",
              },
              Object {
                "borderRadius": 5,
              },
            ]
          }
        >
          <Text
            style={
              Object {
                "color": "#000",
                "fontFamily": "System",
                "fontSize": 26,
              }
            }
          >
            /
          </Text>
        </View>
      </View>
      <View
        accessible={true}
        isTVSelectable={true}
        onResponderGrant={[Function]}
        onResponderMove={[Function]}
        onResponderRelease={[Function]}
        onResponderTerminate={[Function]}
        onResponderTerminationRequest={[Function]}
        onStartShouldSetResponder={[Function]}
        style={
          Array [
            Object {
              "borderRadius": 5,
              "flex": 1,
              "marginBottom": 10,
              "marginLeft": 10,
            },
            Object {
              "marginRight": 10,
            },
          ]
        }
      >
        <View
          style={
            Array [
              Object {
                "alignItems": "center",
                "backgroundColor": "#ddd",
                "flex": 1,
                "justifyContent": "center",
              },
              Object {
                "borderRadius": 5,
              },
            ]
          }
        >
          <Text
            style={
              Object {
                "color": "#000",
                "fontFamily": "System",
                "fontSize": 26,
              }
            }
          >
            *
          </Text>
        </View>
      </View>
      <View
        accessible={true}
        isTVSelectable={true}
        onResponderGrant={[Function]}
        onResponderMove={[Function]}
        onResponderRelease={[Function]}
        onResponderTerminate={[Function]}
        onResponderTerminationRequest={[Function]}
        onStartShouldSetResponder={[Function]}
        style={
          Array [
            Object {
              "borderRadius": 5,
              "flex": 1,
              "marginBottom": 10,
              "marginLeft": 10,
            },
            Object {
              "marginRight": 10,
            },
          ]
        }
      >
        <View
          style={
            Array [
              Object {
                "alignItems": "center",
                "backgroundColor": "#ddd",
                "flex": 1,
                "justifyContent": "center",
              },
              Object {
                "borderRadius": 5,
              },
            ]
          }
        >
          <Text
            style={
              Object {
                "color": "#000",
                "fontFamily": "System",
                "fontSize": 26,
              }
            }
          >
            +
          </Text>
        </View>
      </View>
      <View
        accessible={true}
        isTVSelectable={true}
        onResponderGrant={[Function]}
        onResponderMove={[Function]}
        onResponderRelease={[Function]}
        onResponderTerminate={[Function]}
        onResponderTerminationRequest={[Function]}
        onStartShouldSetResponder={[Function]}
        style={
          Array [
            Object {
              "borderRadius": 5,
              "flex": 1,
              "marginBottom": 10,
              "marginLeft": 10,
            },
            Object {
              "marginRight": 10,
            },
          ]
        }
      >
        <View
          style={
            Array [
              Object {
                "alignItems": "center",
                "backgroundColor": "#ddd",
                "flex": 1,
                "justifyContent": "center",
              },
              Object {
                "borderRadius": 5,
              },
            ]
          }
        >
          <Text
            style={
              Object {
                "color": "#000",
                "fontFamily": "System",
                "fontSize": 26,
              }
            }
          >
            -
          </Text>
        </View>
      </View>
      <View
        accessible={true}
        isTVSelectable={true}
        onResponderGrant={[Function]}
        onResponderMove={[Function]}
        onResponderRelease={[Function]}
        onResponderTerminate={[Function]}
        onResponderTerminationRequest={[Function]}
        onStartShouldSetResponder={[Function]}
        style={
          Array [
            Object {
              "borderRadius": 5,
              "flex": 1,
              "marginBottom": 10,
              "marginLeft": 10,
            },
            Object {
              "marginRight": 10,
            },
          ]
        }
      >
        <View
          style={
            Array [
              Object {
                "alignItems": "center",
                "backgroundColor": "#ddd",
                "flex": 1,
                "justifyContent": "center",
              },
              Object {
                "borderRadius": 5,
              },
            ]
          }
        >
          <Text
            style={
              Object {
                "color": "#000",
                "fontFamily": "System",
                "fontSize": 26,
              }
            }
          >
            =
          </Text>
        </View>
      </View>
    </View>
  </View>
</View>
`;
